// Jest Snapshot v1, https://goo.gl/fbAQLP

exports[`Pruebas en <HelloWorldApp/> Debe de hacer match con el snapshot 1`] = `
<div>
  <h1>
    Hola, Soy Claus
  </h1>
  <p>
    No hay subtitulo
  </p>
  <p>
    Claudia Mendez
  </p>
</div>
`;
